[debug] [2025-12-25T09:15:31.228Z] ----------------------------------------------------------------------
[debug] [2025-12-25T09:15:31.231Z] Command:       C:\Program Files\nodejs\node.exe C:\Users\feras\AppData\Roaming\npm\node_modules\firebase-tools\lib\bin\firebase.js deploy --only functions
[debug] [2025-12-25T09:15:31.231Z] CLI Version:   15.1.0
[debug] [2025-12-25T09:15:31.231Z] Platform:      win32
[debug] [2025-12-25T09:15:31.231Z] Node Version:  v20.17.0
[debug] [2025-12-25T09:15:31.231Z] Time:          Thu Dec 25 2025 11:15:31 GMT+0200 (Eastern European Standard Time)
[debug] [2025-12-25T09:15:31.231Z] ----------------------------------------------------------------------
[debug] 
[debug] [2025-12-25T09:15:31.233Z] >>> [apiv2][query] GET https://firebase-public.firebaseio.com/cli.json [none]
[debug] [2025-12-25T09:15:33.750Z] > command requires scopes: ["email","openid","https://www.googleapis.com/auth/cloudplatformprojects.readonly","https://www.googleapis.com/auth/firebase","https://www.googleapis.com/auth/cloud-platform"]
[debug] [2025-12-25T09:15:33.750Z] > authorizing via signed-in user (ferashatem02@gmail.com)
[debug] [2025-12-25T09:15:33.750Z] [iam] checking project graduation-project-61aa9 for permissions ["cloudfunctions.functions.create","cloudfunctions.functions.delete","cloudfunctions.functions.get","cloudfunctions.functions.list","cloudfunctions.functions.update","cloudfunctions.operations.get","firebase.projects.get"]
[debug] [2025-12-25T09:15:33.751Z] Checked if tokens are valid: false, expires at: 1766500826479
[debug] [2025-12-25T09:15:33.751Z] Checked if tokens are valid: false, expires at: 1766500826479
[debug] [2025-12-25T09:15:33.752Z] > refreshing access token with scopes: []
[debug] [2025-12-25T09:15:33.752Z] >>> [apiv2][query] POST https://www.googleapis.com/oauth2/v3/token [none]
[debug] [2025-12-25T09:15:33.752Z] >>> [apiv2][body] POST https://www.googleapis.com/oauth2/v3/token [omitted]
[debug] [2025-12-25T09:15:33.951Z] <<< [apiv2][status] POST https://www.googleapis.com/oauth2/v3/token 200
[debug] [2025-12-25T09:15:33.951Z] <<< [apiv2][body] POST https://www.googleapis.com/oauth2/v3/token [omitted]
[debug] [2025-12-25T09:15:33.961Z] >>> [apiv2][query] POST https://cloudresourcemanager.googleapis.com/v1/projects/graduation-project-61aa9:testIamPermissions [none]
[debug] [2025-12-25T09:15:33.961Z] >>> [apiv2][(partial)header] POST https://cloudresourcemanager.googleapis.com/v1/projects/graduation-project-61aa9:testIamPermissions x-goog-quota-user=projects/graduation-project-61aa9
[debug] [2025-12-25T09:15:33.961Z] >>> [apiv2][body] POST https://cloudresourcemanager.googleapis.com/v1/projects/graduation-project-61aa9:testIamPermissions {"permissions":["cloudfunctions.functions.create","cloudfunctions.functions.delete","cloudfunctions.functions.get","cloudfunctions.functions.list","cloudfunctions.functions.update","cloudfunctions.operations.get","firebase.projects.get"]}
[debug] [2025-12-25T09:15:34.119Z] <<< [apiv2][status] GET https://firebase-public.firebaseio.com/cli.json 200
[debug] [2025-12-25T09:15:34.119Z] <<< [apiv2][body] GET https://firebase-public.firebaseio.com/cli.json {"cloudBuildErrorAfter":1594252800000,"cloudBuildWarnAfter":1590019200000,"defaultNode10After":1594252800000,"minVersion":"3.0.5","node8DeploysDisabledAfter":1613390400000,"node8RuntimeDisabledAfter":1615809600000,"node8WarnAfter":1600128000000}
[debug] [2025-12-25T09:15:34.815Z] <<< [apiv2][status] POST https://cloudresourcemanager.googleapis.com/v1/projects/graduation-project-61aa9:testIamPermissions 200
[debug] [2025-12-25T09:15:34.815Z] <<< [apiv2][body] POST https://cloudresourcemanager.googleapis.com/v1/projects/graduation-project-61aa9:testIamPermissions {"permissions":["cloudfunctions.functions.create","cloudfunctions.functions.delete","cloudfunctions.functions.get","cloudfunctions.functions.list","cloudfunctions.functions.update","cloudfunctions.operations.get","firebase.projects.get"]}
[debug] [2025-12-25T09:15:34.816Z] Checked if tokens are valid: true, expires at: 1766657732951
[debug] [2025-12-25T09:15:34.816Z] Checked if tokens are valid: true, expires at: 1766657732951
[debug] [2025-12-25T09:15:34.816Z] >>> [apiv2][query] POST https://iam.googleapis.com/v1/projects/graduation-project-61aa9/serviceAccounts/graduation-project-61aa9@appspot.gserviceaccount.com:testIamPermissions [none]
[debug] [2025-12-25T09:15:34.816Z] >>> [apiv2][body] POST https://iam.googleapis.com/v1/projects/graduation-project-61aa9/serviceAccounts/graduation-project-61aa9@appspot.gserviceaccount.com:testIamPermissions {"permissions":["iam.serviceAccounts.actAs"]}
[debug] [2025-12-25T09:15:35.655Z] <<< [apiv2][status] POST https://iam.googleapis.com/v1/projects/graduation-project-61aa9/serviceAccounts/graduation-project-61aa9@appspot.gserviceaccount.com:testIamPermissions 200
[debug] [2025-12-25T09:15:35.655Z] <<< [apiv2][body] POST https://iam.googleapis.com/v1/projects/graduation-project-61aa9/serviceAccounts/graduation-project-61aa9@appspot.gserviceaccount.com:testIamPermissions {"permissions":["iam.serviceAccounts.actAs"]}
[info] 
[info] === Deploying to 'graduation-project-61aa9'...
[info] 
[info] i  deploying functions 
[debug] [2025-12-25T09:15:35.658Z] Checked if tokens are valid: true, expires at: 1766657732951
[debug] [2025-12-25T09:15:35.658Z] Checked if tokens are valid: true, expires at: 1766657732951
[debug] [2025-12-25T09:15:35.659Z] >>> [apiv2][query] GET https://cloudresourcemanager.googleapis.com/v1/projects/graduation-project-61aa9 [none]
[debug] [2025-12-25T09:15:35.870Z] <<< [apiv2][status] GET https://cloudresourcemanager.googleapis.com/v1/projects/graduation-project-61aa9 200
[debug] [2025-12-25T09:15:35.870Z] <<< [apiv2][body] GET https://cloudresourcemanager.googleapis.com/v1/projects/graduation-project-61aa9 {"projectNumber":"1001425488308","projectId":"graduation-project-61aa9","lifecycleState":"ACTIVE","name":"Graduation project","labels":{"firebase":"enabled","firebase-core":"disabled"},"createTime":"2025-12-10T12:13:24.059446Z"}
[info] i  functions: preparing codebase default for deployment 
[info] i  functions: preparing codebase firebase_init for deployment 
[info] i  functions: ensuring required API cloudfunctions.googleapis.com is enabled... 
[info] i  functions: ensuring required API cloudbuild.googleapis.com is enabled... 
[info] i  artifactregistry: ensuring required API artifactregistry.googleapis.com is enabled... 
[debug] [2025-12-25T09:15:35.874Z] Checked if tokens are valid: true, expires at: 1766657732951
[debug] [2025-12-25T09:15:35.874Z] Checked if tokens are valid: true, expires at: 1766657732951
[debug] [2025-12-25T09:15:35.874Z] >>> [apiv2][query] GET https://firebase.googleapis.com/v1beta1/projects/graduation-project-61aa9/adminSdkConfig [none]
[debug] [2025-12-25T09:15:36.263Z] <<< [apiv2][status] GET https://firebase.googleapis.com/v1beta1/projects/graduation-project-61aa9/adminSdkConfig 200
[debug] [2025-12-25T09:15:36.264Z] <<< [apiv2][body] GET https://firebase.googleapis.com/v1beta1/projects/graduation-project-61aa9/adminSdkConfig {"projectId":"graduation-project-61aa9","storageBucket":"graduation-project-61aa9.firebasestorage.app"}
[debug] [2025-12-25T09:15:36.265Z] Validating nodejs source
[debug] [2025-12-25T09:15:37.500Z] > [functions] package.json contents: {
  "name": "functions",
  "description": "Cloud Functions for Firebase",
  "scripts": {
    "serve": "firebase emulators:start --only functions",
    "shell": "firebase functions:shell",
    "start": "npm run shell",
    "deploy": "firebase deploy --only functions",
    "logs": "firebase functions:log"
  },
  "engines": {
    "node": "24"
  },
  "main": "index.js",
  "dependencies": {
    "firebase-admin": "^13.6.0",
    "firebase-functions": "^7.0.0"
  },
  "devDependencies": {
    "firebase-functions-test": "^3.4.1"
  },
  "private": true
}
[debug] [2025-12-25T09:15:37.500Z] Building nodejs source
[info] i  functions: Loading and analyzing source code for codebase default to determine what to deploy 
[debug] [2025-12-25T09:15:37.501Z] Could not find functions.yaml. Must use http discovery
[debug] [2025-12-25T09:15:37.509Z] Found firebase-functions binary at 'F:\React\Animation\Graduation-Project\functions\node_modules\.bin\firebase-functions'
[info] Serving at port 8354

[debug] [2025-12-25T09:15:38.413Z] Got response from /__/functions.yaml {"endpoints":{"createUserWithRole":{"availableMemoryMb":null,"timeoutSeconds":null,"minInstances":null,"maxInstances":null,"ingressSettings":null,"concurrency":null,"serviceAccountEmail":null,"vpc":null,"platform":"gcfv2","labels":{},"callableTrigger":{},"entryPoint":"createUserWithRole"}},"specVersion":"v1alpha1","requiredAPIs":[],"extensions":{}}
[debug] [2025-12-25T09:15:43.461Z] Validating nodejs source
[debug] [2025-12-25T09:15:44.427Z] > [functions] package.json contents: {
  "name": "functions",
  "description": "Cloud Functions for Firebase",
  "scripts": {
    "lint": "eslint .",
    "serve": "firebase emulators:start --only functions",
    "shell": "firebase functions:shell",
    "start": "npm run shell",
    "deploy": "firebase deploy --only functions",
    "logs": "firebase functions:log"
  },
  "engines": {
    "node": "24"
  },
  "main": "index.js",
  "dependencies": {
    "firebase-admin": "^13.6.0",
    "firebase-functions": "^7.0.0"
  },
  "devDependencies": {
    "eslint": "^8.15.0",
    "eslint-config-google": "^0.14.0",
    "firebase-functions-test": "^3.4.1"
  },
  "private": true
}
[debug] [2025-12-25T09:15:44.427Z] Building nodejs source
[info] i  functions: Loading and analyzing source code for codebase firebase_init to determine what to deploy 
[debug] [2025-12-25T09:15:44.427Z] Could not find functions.yaml. Must use http discovery
[debug] [2025-12-25T09:15:44.434Z] Found firebase-functions binary at 'F:\React\Animation\Graduation-Project\firebase_init\node_modules\.bin\firebase-functions'
[info] Serving at port 8689

[debug] [2025-12-25T09:15:45.374Z] Got response from /__/functions.yaml {"endpoints":{},"specVersion":"v1alpha1","requiredAPIs":[],"extensions":{}}
[info] i  extensions: ensuring required API firebaseextensions.googleapis.com is enabled... 
[debug] [2025-12-25T09:15:50.410Z] > command requires scopes: ["email","openid","https://www.googleapis.com/auth/cloudplatformprojects.readonly","https://www.googleapis.com/auth/firebase","https://www.googleapis.com/auth/cloud-platform"]
[debug] [2025-12-25T09:15:50.410Z] > authorizing via signed-in user (ferashatem02@gmail.com)
[debug] [2025-12-25T09:15:50.410Z] [iam] checking project graduation-project-61aa9 for permissions ["firebase.projects.get","firebaseextensions.instances.list"]
[debug] [2025-12-25T09:15:50.410Z] Checked if tokens are valid: true, expires at: 1766657732951
[debug] [2025-12-25T09:15:50.411Z] Checked if tokens are valid: true, expires at: 1766657732951
[debug] [2025-12-25T09:15:50.411Z] >>> [apiv2][query] POST https://cloudresourcemanager.googleapis.com/v1/projects/graduation-project-61aa9:testIamPermissions [none]
[debug] [2025-12-25T09:15:50.411Z] >>> [apiv2][(partial)header] POST https://cloudresourcemanager.googleapis.com/v1/projects/graduation-project-61aa9:testIamPermissions x-goog-quota-user=projects/graduation-project-61aa9
[debug] [2025-12-25T09:15:50.411Z] >>> [apiv2][body] POST https://cloudresourcemanager.googleapis.com/v1/projects/graduation-project-61aa9:testIamPermissions {"permissions":["firebase.projects.get","firebaseextensions.instances.list"]}
[debug] [2025-12-25T09:15:51.177Z] <<< [apiv2][status] POST https://cloudresourcemanager.googleapis.com/v1/projects/graduation-project-61aa9:testIamPermissions 200
[debug] [2025-12-25T09:15:51.177Z] <<< [apiv2][body] POST https://cloudresourcemanager.googleapis.com/v1/projects/graduation-project-61aa9:testIamPermissions {"permissions":["firebase.projects.get","firebaseextensions.instances.list"]}
[debug] [2025-12-25T09:15:51.178Z] Checked if tokens are valid: true, expires at: 1766657732951
[debug] [2025-12-25T09:15:51.178Z] Checked if tokens are valid: true, expires at: 1766657732951
[debug] [2025-12-25T09:15:51.178Z] >>> [apiv2][query] GET https://firebaseextensions.googleapis.com/v1beta/projects/graduation-project-61aa9/instances pageSize=100&pageToken=
[debug] [2025-12-25T09:15:52.141Z] <<< [apiv2][status] GET https://firebaseextensions.googleapis.com/v1beta/projects/graduation-project-61aa9/instances 200
[debug] [2025-12-25T09:15:52.141Z] <<< [apiv2][body] GET https://firebaseextensions.googleapis.com/v1beta/projects/graduation-project-61aa9/instances {}
[info] i  functions: preparing functions directory for uploading... 
[info] i  functions: packaged F:\React\Animation\Graduation-Project\functions (79.69 KB) for uploading 
[debug] [2025-12-25T09:15:52.180Z] Checked if tokens are valid: true, expires at: 1766657732951
[debug] [2025-12-25T09:15:52.180Z] Checked if tokens are valid: true, expires at: 1766657732951
[debug] [2025-12-25T09:15:52.180Z] >>> [apiv2][query] GET https://cloudfunctions.googleapis.com/v1/projects/graduation-project-61aa9/locations/-/functions [none]
[debug] [2025-12-25T09:15:52.925Z] <<< [apiv2][status] GET https://cloudfunctions.googleapis.com/v1/projects/graduation-project-61aa9/locations/-/functions 200
[debug] [2025-12-25T09:15:52.925Z] <<< [apiv2][body] GET https://cloudfunctions.googleapis.com/v1/projects/graduation-project-61aa9/locations/-/functions {}
[debug] [2025-12-25T09:15:52.925Z] Checked if tokens are valid: true, expires at: 1766657732951
[debug] [2025-12-25T09:15:52.925Z] Checked if tokens are valid: true, expires at: 1766657732951
[debug] [2025-12-25T09:15:52.926Z] >>> [apiv2][query] GET https://cloudfunctions.googleapis.com/v2/projects/graduation-project-61aa9/locations/-/functions filter=environment%3D%22GEN_2%22
[debug] [2025-12-25T09:15:53.554Z] <<< [apiv2][status] GET https://cloudfunctions.googleapis.com/v2/projects/graduation-project-61aa9/locations/-/functions 200
[debug] [2025-12-25T09:15:53.554Z] <<< [apiv2][body] GET https://cloudfunctions.googleapis.com/v2/projects/graduation-project-61aa9/locations/-/functions {"functions":[{"name":"projects/graduation-project-61aa9/locations/us-central1/functions/createAdminUser","buildConfig":{"build":"projects/1001425488308/locations/us-central1/builds/453bf2e3-45e8-4446-bb6e-2d2c44c2042f","runtime":"nodejs24","entryPoint":"createAdminUser","source":{"storageSource":{"bucket":"gcf-v2-sources-1001425488308-us-central1","object":"createAdminUser/function-source.zip","generation":"1766497267036058"}},"environmentVariables":{"GOOGLE_NODE_RUN_SCRIPTS":""},"dockerRepository":"projects/graduation-project-61aa9/locations/us-central1/repositories/gcf-artifacts","sourceProvenance":{"resolvedStorageSource":{"bucket":"gcf-v2-sources-1001425488308-us-central1","object":"createAdminUser/function-source.zip","generation":"1766497267036058"}},"dockerRegistry":"ARTIFACT_REGISTRY","serviceAccount":"projects/graduation-project-61aa9/serviceAccounts/1001425488308-compute@developer.gserviceaccount.com","automaticUpdatePolicy":{}},"serviceConfig":{"service":"projects/graduation-project-61aa9/locations/us-central1/services/createadminuser","timeoutSeconds":60,"environmentVariables":{"FIREBASE_CONFIG":"{\"projectId\":\"graduation-project-61aa9\",\"storageBucket\":\"graduation-project-61aa9.firebasestorage.app\"}","GCLOUD_PROJECT":"graduation-project-61aa9","EVENTARC_CLOUD_EVENT_SOURCE":"projects/graduation-project-61aa9/locations/us-central1/services/createAdminUser","FUNCTION_TARGET":"createAdminUser","LOG_EXECUTION_ID":"true"},"maxInstanceCount":20,"ingressSettings":"ALLOW_ALL","uri":"https://createadminuser-tohz6cmsgq-uc.a.run.app","serviceAccountEmail":"1001425488308-compute@developer.gserviceaccount.com","availableMemory":"256Mi","allTrafficOnLatestRevision":true,"revision":"createadminuser-00003-hej","maxInstanceRequestConcurrency":80,"availableCpu":"1"},"state":"ACTIVE","updateTime":"2025-12-23T13:42:09.185934986Z","labels":{"deployment-tool":"cli-firebase","deployment-callable":"true","firebase-functions-hash":"f70218ced397197203886e9ab9f8ad6c5fcde83b"},"environment":"GEN_2","url":"https://us-central1-graduation-project-61aa9.cloudfunctions.net/createAdminUser","createTime":"2025-12-22T11:12:46.921071362Z","satisfiesPzi":true}]}
[info] i  functions: ensuring required API run.googleapis.com is enabled... 
[info] i  functions: ensuring required API eventarc.googleapis.com is enabled... 
[info] i  functions: ensuring required API pubsub.googleapis.com is enabled... 
[info] i  functions: ensuring required API storage.googleapis.com is enabled... 
[info] i  functions: generating the service identity for pubsub.googleapis.com... 
[debug] [2025-12-25T09:15:53.559Z] Checked if tokens are valid: true, expires at: 1766657732951
[debug] [2025-12-25T09:15:53.559Z] Checked if tokens are valid: true, expires at: 1766657732951
[info] i  functions: generating the service identity for eventarc.googleapis.com... 
[debug] [2025-12-25T09:15:53.559Z] Checked if tokens are valid: true, expires at: 1766657732951
[debug] [2025-12-25T09:15:53.559Z] Checked if tokens are valid: true, expires at: 1766657732951
[debug] [2025-12-25T09:15:53.560Z] >>> [apiv2][query] POST https://serviceusage.googleapis.com/v1beta1/projects/1001425488308/services/pubsub.googleapis.com:generateServiceIdentity [none]
[debug] [2025-12-25T09:15:53.560Z] >>> [apiv2][(partial)header] POST https://serviceusage.googleapis.com/v1beta1/projects/1001425488308/services/pubsub.googleapis.com:generateServiceIdentity x-goog-quota-user=projects/1001425488308
[debug] [2025-12-25T09:15:53.560Z] >>> [apiv2][body] POST https://serviceusage.googleapis.com/v1beta1/projects/1001425488308/services/pubsub.googleapis.com:generateServiceIdentity {}
[debug] [2025-12-25T09:15:53.561Z] >>> [apiv2][query] POST https://serviceusage.googleapis.com/v1beta1/projects/1001425488308/services/eventarc.googleapis.com:generateServiceIdentity [none]
[debug] [2025-12-25T09:15:53.561Z] >>> [apiv2][(partial)header] POST https://serviceusage.googleapis.com/v1beta1/projects/1001425488308/services/eventarc.googleapis.com:generateServiceIdentity x-goog-quota-user=projects/1001425488308
[debug] [2025-12-25T09:15:53.561Z] >>> [apiv2][body] POST https://serviceusage.googleapis.com/v1beta1/projects/1001425488308/services/eventarc.googleapis.com:generateServiceIdentity {}
[debug] [2025-12-25T09:15:54.580Z] <<< [apiv2][status] POST https://serviceusage.googleapis.com/v1beta1/projects/1001425488308/services/pubsub.googleapis.com:generateServiceIdentity 200
[debug] [2025-12-25T09:15:54.580Z] <<< [apiv2][body] POST https://serviceusage.googleapis.com/v1beta1/projects/1001425488308/services/pubsub.googleapis.com:generateServiceIdentity {"name":"operations/finished.DONE_OPERATION","done":true,"response":{"@type":"type.googleapis.com/google.api.serviceusage.v1beta1.ServiceIdentity","email":"service-1001425488308@gcp-sa-pubsub.iam.gserviceaccount.com","uniqueId":"108586194831313256238"}}
[debug] [2025-12-25T09:15:54.584Z] <<< [apiv2][status] POST https://serviceusage.googleapis.com/v1beta1/projects/1001425488308/services/eventarc.googleapis.com:generateServiceIdentity 200
[debug] [2025-12-25T09:15:54.584Z] <<< [apiv2][body] POST https://serviceusage.googleapis.com/v1beta1/projects/1001425488308/services/eventarc.googleapis.com:generateServiceIdentity {"name":"operations/finished.DONE_OPERATION","done":true,"response":{"@type":"type.googleapis.com/google.api.serviceusage.v1beta1.ServiceIdentity","email":"service-1001425488308@gcp-sa-eventarc.iam.gserviceaccount.com","uniqueId":"103315728828303446980"}}
[debug] [2025-12-25T09:15:54.586Z] Checked if tokens are valid: true, expires at: 1766657732951
[debug] [2025-12-25T09:15:54.586Z] Checked if tokens are valid: true, expires at: 1766657732951
[debug] [2025-12-25T09:15:54.586Z] >>> [apiv2][query] GET https://cloudresourcemanager.googleapis.com/v1/projects/graduation-project-61aa9 [none]
[debug] [2025-12-25T09:15:54.799Z] <<< [apiv2][status] GET https://cloudresourcemanager.googleapis.com/v1/projects/graduation-project-61aa9 200
[debug] [2025-12-25T09:15:54.799Z] <<< [apiv2][body] GET https://cloudresourcemanager.googleapis.com/v1/projects/graduation-project-61aa9 {"projectNumber":"1001425488308","projectId":"graduation-project-61aa9","lifecycleState":"ACTIVE","name":"Graduation project","labels":{"firebase":"enabled","firebase-core":"disabled"},"createTime":"2025-12-10T12:13:24.059446Z"}
[debug] [2025-12-25T09:15:54.800Z] Checked if tokens are valid: true, expires at: 1766657732951
[debug] [2025-12-25T09:15:54.800Z] Checked if tokens are valid: true, expires at: 1766657732951
[debug] [2025-12-25T09:15:54.800Z] >>> [apiv2][query] GET https://compute.googleapis.com/compute/v1/projects/1001425488308 [none]
[debug] [2025-12-25T09:15:55.226Z] <<< [apiv2][status] GET https://compute.googleapis.com/compute/v1/projects/1001425488308 403
[debug] [2025-12-25T09:15:55.226Z] <<< [apiv2][body] GET https://compute.googleapis.com/compute/v1/projects/1001425488308 {"error":{"code":403,"message":"Compute Engine API has not been used in project 1001425488308 before or it is disabled. Enable it by visiting https://console.developers.google.com/apis/api/compute.googleapis.com/overview?project=1001425488308 then retry. If you enabled this API recently, wait a few minutes for the action to propagate to our systems and retry.","errors":[{"message":"Compute Engine API has not been used in project 1001425488308 before or it is disabled. Enable it by visiting https://console.developers.google.com/apis/api/compute.googleapis.com/overview?project=1001425488308 then retry. If you enabled this API recently, wait a few minutes for the action to propagate to our systems and retry.","domain":"usageLimits","reason":"accessNotConfigured","extendedHelp":"https://console.developers.google.com"}],"status":"PERMISSION_DENIED","details":[{"@type":"type.googleapis.com/google.rpc.ErrorInfo","reason":"SERVICE_DISABLED","domain":"googleapis.com","metadata":{"serviceTitle":"Compute Engine API","consumer":"projects/1001425488308","service":"compute.googleapis.com","activationUrl":"https://console.developers.google.com/apis/api/compute.googleapis.com/overview?project=1001425488308","containerInfo":"1001425488308"}},{"@type":"type.googleapis.com/google.rpc.LocalizedMessage","locale":"en-US","message":"Compute Engine API has not been used in project 1001425488308 before or it is disabled. Enable it by visiting https://console.developers.google.com/apis/api/compute.googleapis.com/overview?project=1001425488308 then retry. If you enabled this API recently, wait a few minutes for the action to propagate to our systems and retry."},{"@type":"type.googleapis.com/google.rpc.Help","links":[{"description":"Google developers console API activation","url":"https://console.developers.google.com/apis/api/compute.googleapis.com/overview?project=1001425488308"}]}]}}
[debug] [2025-12-25T09:15:55.227Z] unable to look up default compute service account. Falling back to 1001425488308-compute@developer.gserviceaccount.com. Error: {"name":"FirebaseError","children":[],"context":{"body":{"error":{"code":403,"message":"Compute Engine API has not been used in project 1001425488308 before or it is disabled. Enable it by visiting https://console.developers.google.com/apis/api/compute.googleapis.com/overview?project=1001425488308 then retry. If you enabled this API recently, wait a few minutes for the action to propagate to our systems and retry.","errors":[{"message":"Compute Engine API has not been used in project 1001425488308 before or it is disabled. Enable it by visiting https://console.developers.google.com/apis/api/compute.googleapis.com/overview?project=1001425488308 then retry. If you enabled this API recently, wait a few minutes for the action to propagate to our systems and retry.","domain":"usageLimits","reason":"accessNotConfigured","extendedHelp":"https://console.developers.google.com"}],"status":"PERMISSION_DENIED","details":[{"@type":"type.googleapis.com/google.rpc.ErrorInfo","reason":"SERVICE_DISABLED","domain":"googleapis.com","metadata":{"serviceTitle":"Compute Engine API","consumer":"projects/1001425488308","service":"compute.googleapis.com","activationUrl":"https://console.developers.google.com/apis/api/compute.googleapis.com/overview?project=1001425488308","containerInfo":"1001425488308"}},{"@type":"type.googleapis.com/google.rpc.LocalizedMessage","locale":"en-US","message":"Compute Engine API has not been used in project 1001425488308 before or it is disabled. Enable it by visiting https://console.developers.google.com/apis/api/compute.googleapis.com/overview?project=1001425488308 then retry. If you enabled this API recently, wait a few minutes for the action to propagate to our systems and retry."},{"@type":"type.googleapis.com/google.rpc.Help","links":[{"description":"Google developers console API activation","url":"https://console.developers.google.com/apis/api/compute.googleapis.com/overview?project=1001425488308"}]}]}},"response":{"statusCode":403}},"exit":1,"message":"Request to https://compute.googleapis.com/compute/v1/projects/1001425488308 had HTTP Error: 403, Compute Engine API has not been used in project 1001425488308 before or it is disabled. Enable it by visiting https://console.developers.google.com/apis/api/compute.googleapis.com/overview?project=1001425488308 then retry. If you enabled this API recently, wait a few minutes for the action to propagate to our systems and retry.","status":403}
[debug] [2025-12-25T09:15:55.228Z] Checked if tokens are valid: true, expires at: 1766657732951
[debug] [2025-12-25T09:15:55.228Z] Checked if tokens are valid: true, expires at: 1766657732951
[debug] [2025-12-25T09:15:55.228Z] >>> [apiv2][query] GET https://cloudbilling.googleapis.com/v1/projects/graduation-project-61aa9/billingInfo [none]
[debug] [2025-12-25T09:15:55.723Z] <<< [apiv2][status] GET https://cloudbilling.googleapis.com/v1/projects/graduation-project-61aa9/billingInfo 200
[debug] [2025-12-25T09:15:55.723Z] <<< [apiv2][body] GET https://cloudbilling.googleapis.com/v1/projects/graduation-project-61aa9/billingInfo {"name":"projects/graduation-project-61aa9/billingInfo","projectId":"graduation-project-61aa9","billingAccountName":"billingAccounts/01662D-AEC983-F2BB32","billingEnabled":true}
[debug] [2025-12-25T09:15:55.725Z] Checked if tokens are valid: true, expires at: 1766657732951
[debug] [2025-12-25T09:15:55.725Z] Checked if tokens are valid: true, expires at: 1766657732951
[debug] [2025-12-25T09:15:55.725Z] >>> [apiv2][query] POST https://cloudfunctions.googleapis.com/v2/projects/graduation-project-61aa9/locations/us-central1/functions:generateUploadUrl [none]
[debug] [2025-12-25T09:15:56.495Z] <<< [apiv2][status] POST https://cloudfunctions.googleapis.com/v2/projects/graduation-project-61aa9/locations/us-central1/functions:generateUploadUrl 200
[debug] [2025-12-25T09:15:56.495Z] <<< [apiv2][body] POST https://cloudfunctions.googleapis.com/v2/projects/graduation-project-61aa9/locations/us-central1/functions:generateUploadUrl {"uploadUrl":"https://storage.googleapis.com/gcf-v2-uploads-1001425488308.us-central1.cloudfunctions.appspot.com/0336bc09-ebb0-45e3-8078-7fd4e8434234.zip?GoogleAccessId=service-1001425488308@gcf-admin-robot.iam.gserviceaccount.com&Expires=1766655959&Signature=Q74pzCJ0pmiI2NZZFysddYuiIvSkzGKwYJzPgEj9aV49rtPkO6SE4NL7dJaIoGY4yjNIiE2Ef5oFcWM8noAq1nfIDv6AodjlD4BbHrCMYLCDuYcFYz9yLDds3P7hrTUVJm4Qay7vap10nSJvq8%2BCowWTpvtE1Kgb1N5hL1Scz%2Fw62D2aJEtMu1tjioql9im4v21YE8w17sn1saZEHWcgM1yKukW%2BIfCoXND7QcBiAjozg4Ku%2BYfKw1GcrbPcD2rNHNbP6BrVhsK6sVtlz4JNvbN0TMCP3BK6BLsemANxhtvrHS4k3jYURLI1aivzprwBjxTF%2Fm0mTscMLZm8%2FfrAlg%3D%3D","storageSource":{"bucket":"gcf-v2-uploads-1001425488308.us-central1.cloudfunctions.appspot.com","object":"0336bc09-ebb0-45e3-8078-7fd4e8434234.zip"}}
[debug] [2025-12-25T09:15:56.496Z] >>> [apiv2][query] PUT https://storage.googleapis.com/gcf-v2-uploads-1001425488308.us-central1.cloudfunctions.appspot.com/0336bc09-ebb0-45e3-8078-7fd4e8434234.zip GoogleAccessId=service-1001425488308%40gcf-admin-robot.iam.gserviceaccount.com&Expires=1766655959&Signature=Q74pzCJ0pmiI2NZZFysddYuiIvSkzGKwYJzPgEj9aV49rtPkO6SE4NL7dJaIoGY4yjNIiE2Ef5oFcWM8noAq1nfIDv6AodjlD4BbHrCMYLCDuYcFYz9yLDds3P7hrTUVJm4Qay7vap10nSJvq8%2BCowWTpvtE1Kgb1N5hL1Scz%2Fw62D2aJEtMu1tjioql9im4v21YE8w17sn1saZEHWcgM1yKukW%2BIfCoXND7QcBiAjozg4Ku%2BYfKw1GcrbPcD2rNHNbP6BrVhsK6sVtlz4JNvbN0TMCP3BK6BLsemANxhtvrHS4k3jYURLI1aivzprwBjxTF%2Fm0mTscMLZm8%2FfrAlg%3D%3D
[debug] [2025-12-25T09:15:56.496Z] >>> [apiv2][body] PUT https://storage.googleapis.com/gcf-v2-uploads-1001425488308.us-central1.cloudfunctions.appspot.com/0336bc09-ebb0-45e3-8078-7fd4e8434234.zip [stream]
[debug] [2025-12-25T09:15:57.154Z] <<< [apiv2][status] PUT https://storage.googleapis.com/gcf-v2-uploads-1001425488308.us-central1.cloudfunctions.appspot.com/0336bc09-ebb0-45e3-8078-7fd4e8434234.zip 200
[debug] [2025-12-25T09:15:57.154Z] <<< [apiv2][body] PUT https://storage.googleapis.com/gcf-v2-uploads-1001425488308.us-central1.cloudfunctions.appspot.com/0336bc09-ebb0-45e3-8078-7fd4e8434234.zip [omitted]
[info] +  functions: functions source uploaded successfully 
[info] 
The following functions are found in your project but do not exist in your local source code:
	createAdminUser(us-central1)

If you are renaming a function or changing its region, it is recommended that you create the new function first before deleting the old one to prevent event loss. For more info, visit https://firebase.google.com/docs/functions/manage-functions#modify

[info] i  functions: creating Node.js 24 (2nd Gen) function createUserWithRole(us-central1)... 
[debug] [2025-12-25T09:16:03.230Z] Checked if tokens are valid: true, expires at: 1766657732951
[debug] [2025-12-25T09:16:03.230Z] Checked if tokens are valid: true, expires at: 1766657732951
[info] i  functions: deleting Node.js 24 (2nd Gen) function createAdminUser(us-central1)... 
[debug] [2025-12-25T09:16:03.231Z] Checked if tokens are valid: true, expires at: 1766657732951
[debug] [2025-12-25T09:16:03.231Z] Checked if tokens are valid: true, expires at: 1766657732951
[debug] [2025-12-25T09:16:03.231Z] >>> [apiv2][query] POST https://cloudfunctions.googleapis.com/v2/projects/graduation-project-61aa9/locations/us-central1/functions functionId=createUserWithRole
[debug] [2025-12-25T09:16:03.231Z] >>> [apiv2][body] POST https://cloudfunctions.googleapis.com/v2/projects/graduation-project-61aa9/locations/us-central1/functions {"name":"projects/graduation-project-61aa9/locations/us-central1/functions/createUserWithRole","buildConfig":{"runtime":"nodejs24","entryPoint":"createUserWithRole","source":{"storageSource":{"bucket":"gcf-v2-uploads-1001425488308.us-central1.cloudfunctions.appspot.com","object":"0336bc09-ebb0-45e3-8078-7fd4e8434234.zip"}},"environmentVariables":{"GOOGLE_NODE_RUN_SCRIPTS":""}},"serviceConfig":{"environmentVariables":{"FIREBASE_CONFIG":"{\"projectId\":\"graduation-project-61aa9\",\"storageBucket\":\"graduation-project-61aa9.firebasestorage.app\"}","GCLOUD_PROJECT":"graduation-project-61aa9","EVENTARC_CLOUD_EVENT_SOURCE":"projects/graduation-project-61aa9/locations/us-central1/services/createUserWithRole","FUNCTION_TARGET":"createUserWithRole","LOG_EXECUTION_ID":"true"},"ingressSettings":null,"timeoutSeconds":null,"serviceAccountEmail":null,"availableMemory":"256Mi","minInstanceCount":null,"maxInstanceCount":null,"maxInstanceRequestConcurrency":80,"availableCpu":"1","vpcConnector":null,"vpcConnectorEgressSettings":null},"labels":{"deployment-tool":"cli-firebase","deployment-callable":"true","firebase-functions-hash":"ec6aa3b36dab42ae80fe0999282404259734f6c2"}}
[debug] [2025-12-25T09:16:03.233Z] >>> [apiv2][query] DELETE https://cloudfunctions.googleapis.com/v2/projects/graduation-project-61aa9/locations/us-central1/functions/createAdminUser [none]
[debug] [2025-12-25T09:16:04.097Z] <<< [apiv2][status] DELETE https://cloudfunctions.googleapis.com/v2/projects/graduation-project-61aa9/locations/us-central1/functions/createAdminUser 200
[debug] [2025-12-25T09:16:04.097Z] <<< [apiv2][body] DELETE https://cloudfunctions.googleapis.com/v2/projects/graduation-project-61aa9/locations/us-central1/functions/createAdminUser {"name":"projects/graduation-project-61aa9/locations/us-central1/operations/operation-1766654166735-646c33a0c9b26-7c82a21b-9ffb9540","metadata":{"@type":"type.googleapis.com/google.cloud.functions.v2.OperationMetadata","createTime":"2025-12-25T09:16:06.757419660Z","target":"projects/graduation-project-61aa9/locations/us-central1/functions/createAdminUser","verb":"delete","cancelRequested":false,"apiVersion":"v2"},"done":false}
[debug] [2025-12-25T09:16:04.098Z] Checked if tokens are valid: true, expires at: 1766657732951
[debug] [2025-12-25T09:16:04.098Z] Checked if tokens are valid: true, expires at: 1766657732951
[debug] [2025-12-25T09:16:04.098Z] >>> [apiv2][query] GET https://cloudfunctions.googleapis.com/v2/projects/graduation-project-61aa9/locations/us-central1/operations/operation-1766654166735-646c33a0c9b26-7c82a21b-9ffb9540 [none]
[debug] [2025-12-25T09:16:04.510Z] <<< [apiv2][status] POST https://cloudfunctions.googleapis.com/v2/projects/graduation-project-61aa9/locations/us-central1/functions 200
[debug] [2025-12-25T09:16:04.510Z] <<< [apiv2][body] POST https://cloudfunctions.googleapis.com/v2/projects/graduation-project-61aa9/locations/us-central1/functions {"name":"projects/graduation-project-61aa9/locations/us-central1/operations/operation-1766654166743-646c33a0cb823-e98948ce-c07f3b96","metadata":{"@type":"type.googleapis.com/google.cloud.functions.v2.OperationMetadata","createTime":"2025-12-25T09:16:07.178441021Z","target":"projects/graduation-project-61aa9/locations/us-central1/functions/createUserWithRole","verb":"create","cancelRequested":false,"apiVersion":"v2"},"done":false}
[debug] [2025-12-25T09:16:04.510Z] Checked if tokens are valid: true, expires at: 1766657732951
[debug] [2025-12-25T09:16:04.510Z] Checked if tokens are valid: true, expires at: 1766657732951
[debug] [2025-12-25T09:16:04.511Z] >>> [apiv2][query] GET https://cloudfunctions.googleapis.com/v2/projects/graduation-project-61aa9/locations/us-central1/operations/operation-1766654166743-646c33a0cb823-e98948ce-c07f3b96 [none]
[debug] [2025-12-25T09:16:04.811Z] <<< [apiv2][status] GET https://cloudfunctions.googleapis.com/v2/projects/graduation-project-61aa9/locations/us-central1/operations/operation-1766654166735-646c33a0c9b26-7c82a21b-9ffb9540 200
[debug] [2025-12-25T09:16:04.811Z] <<< [apiv2][body] GET https://cloudfunctions.googleapis.com/v2/projects/graduation-project-61aa9/locations/us-central1/operations/operation-1766654166735-646c33a0c9b26-7c82a21b-9ffb9540 {"name":"projects/graduation-project-61aa9/locations/us-central1/operations/operation-1766654166735-646c33a0c9b26-7c82a21b-9ffb9540","metadata":{"@type":"type.googleapis.com/google.cloud.functions.v2.OperationMetadata","createTime":"2025-12-25T09:16:06.757419660Z","target":"projects/graduation-project-61aa9/locations/us-central1/functions/createAdminUser","verb":"delete","cancelRequested":false,"apiVersion":"v2","requestResource":{"@type":"type.googleapis.com/google.cloud.functions.v2.Function","name":"projects/graduation-project-61aa9/locations/us-central1/functions/createAdminUser","environment":"GEN_2"},"stages":[{"name":"ARTIFACT_REGISTRY","state":"NOT_STARTED"},{"name":"SERVICE","message":"Deleting Cloud Run service","state":"IN_PROGRESS","resource":"projects/graduation-project-61aa9/locations/us-central1/services/createadminuser"}],"operationType":"DELETE_FUNCTION"},"done":false}
[debug] [2025-12-25T09:16:05.224Z] <<< [apiv2][status] GET https://cloudfunctions.googleapis.com/v2/projects/graduation-project-61aa9/locations/us-central1/operations/operation-1766654166743-646c33a0cb823-e98948ce-c07f3b96 200
[debug] [2025-12-25T09:16:05.224Z] <<< [apiv2][body] GET https://cloudfunctions.googleapis.com/v2/projects/graduation-project-61aa9/locations/us-central1/operations/operation-1766654166743-646c33a0cb823-e98948ce-c07f3b96 {"name":"projects/graduation-project-61aa9/locations/us-central1/operations/operation-1766654166743-646c33a0cb823-e98948ce-c07f3b96","metadata":{"@type":"type.googleapis.com/google.cloud.functions.v2.OperationMetadata","createTime":"2025-12-25T09:16:07.178441021Z","target":"projects/graduation-project-61aa9/locations/us-central1/functions/createUserWithRole","verb":"create","cancelRequested":false,"apiVersion":"v2","requestResource":{"@type":"type.googleapis.com/google.cloud.functions.v2.Function","name":"projects/graduation-project-61aa9/locations/us-central1/functions/createUserWithRole","buildConfig":{"runtime":"nodejs24","entryPoint":"createUserWithRole","source":{"storageSource":{"bucket":"gcf-v2-sources-1001425488308-us-central1","object":"createUserWithRole/function-source.zip","generation":"1766654166949258"}},"environmentVariables":{"GOOGLE_NODE_RUN_SCRIPTS":""},"serviceAccount":"projects/graduation-project-61aa9/serviceAccounts/1001425488308-compute@developer.gserviceaccount.com","automaticUpdatePolicy":{}},"serviceConfig":{"service":"projects/graduation-project-61aa9/locations/us-central1/services/createuserwithrole","timeoutSeconds":60,"environmentVariables":{"FIREBASE_CONFIG":"{\"projectId\":\"graduation-project-61aa9\",\"storageBucket\":\"graduation-project-61aa9.firebasestorage.app\"}","GCLOUD_PROJECT":"graduation-project-61aa9","EVENTARC_CLOUD_EVENT_SOURCE":"projects/graduation-project-61aa9/locations/us-central1/services/createUserWithRole","FUNCTION_TARGET":"createUserWithRole","LOG_EXECUTION_ID":"true"},"ingressSettings":"ALLOW_ALL","serviceAccountEmail":"1001425488308-compute@developer.gserviceaccount.com","availableMemory":"256Mi","maxInstanceRequestConcurrency":80,"availableCpu":"1"},"labels":{"deployment-tool":"cli-firebase","deployment-callable":"true","firebase-functions-hash":"ec6aa3b36dab42ae80fe0999282404259734f6c2"},"environment":"GEN_2"},"stages":[{"name":"BUILD","state":"NOT_STARTED"},{"name":"SERVICE","state":"NOT_STARTED"}],"operationType":"CREATE_FUNCTION"},"done":false}
[debug] [2025-12-25T09:16:05.321Z] [delete-default-us-central1-createAdminUser] Retrying task index 0
[debug] [2025-12-25T09:16:05.321Z] Checked if tokens are valid: true, expires at: 1766657732951
[debug] [2025-12-25T09:16:05.321Z] Checked if tokens are valid: true, expires at: 1766657732951
[debug] [2025-12-25T09:16:05.321Z] >>> [apiv2][query] GET https://cloudfunctions.googleapis.com/v2/projects/graduation-project-61aa9/locations/us-central1/operations/operation-1766654166735-646c33a0c9b26-7c82a21b-9ffb9540 [none]
[debug] [2025-12-25T09:16:05.726Z] [create-default-us-central1-createUserWithRole] Retrying task index 0
[debug] [2025-12-25T09:16:05.727Z] Checked if tokens are valid: true, expires at: 1766657732951
[debug] [2025-12-25T09:16:05.727Z] Checked if tokens are valid: true, expires at: 1766657732951
[debug] [2025-12-25T09:16:05.727Z] >>> [apiv2][query] GET https://cloudfunctions.googleapis.com/v2/projects/graduation-project-61aa9/locations/us-central1/operations/operation-1766654166743-646c33a0cb823-e98948ce-c07f3b96 [none]
[debug] [2025-12-25T09:16:06.051Z] <<< [apiv2][status] GET https://cloudfunctions.googleapis.com/v2/projects/graduation-project-61aa9/locations/us-central1/operations/operation-1766654166735-646c33a0c9b26-7c82a21b-9ffb9540 200
[debug] [2025-12-25T09:16:06.051Z] <<< [apiv2][body] GET https://cloudfunctions.googleapis.com/v2/projects/graduation-project-61aa9/locations/us-central1/operations/operation-1766654166735-646c33a0c9b26-7c82a21b-9ffb9540 {"name":"projects/graduation-project-61aa9/locations/us-central1/operations/operation-1766654166735-646c33a0c9b26-7c82a21b-9ffb9540","metadata":{"@type":"type.googleapis.com/google.cloud.functions.v2.OperationMetadata","createTime":"2025-12-25T09:16:06.757419660Z","target":"projects/graduation-project-61aa9/locations/us-central1/functions/createAdminUser","verb":"delete","cancelRequested":false,"apiVersion":"v2","requestResource":{"@type":"type.googleapis.com/google.cloud.functions.v2.Function","name":"projects/graduation-project-61aa9/locations/us-central1/functions/createAdminUser","environment":"GEN_2"},"stages":[{"name":"ARTIFACT_REGISTRY","state":"NOT_STARTED"},{"name":"SERVICE","message":"Deleting Cloud Run service","state":"IN_PROGRESS","resource":"projects/graduation-project-61aa9/locations/us-central1/services/createadminuser"}],"operationType":"DELETE_FUNCTION"},"done":false}
[debug] [2025-12-25T09:16:06.450Z] <<< [apiv2][status] GET https://cloudfunctions.googleapis.com/v2/projects/graduation-project-61aa9/locations/us-central1/operations/operation-1766654166743-646c33a0cb823-e98948ce-c07f3b96 200
[debug] [2025-12-25T09:16:06.450Z] <<< [apiv2][body] GET https://cloudfunctions.googleapis.com/v2/projects/graduation-project-61aa9/locations/us-central1/operations/operation-1766654166743-646c33a0cb823-e98948ce-c07f3b96 {"name":"projects/graduation-project-61aa9/locations/us-central1/operations/operation-1766654166743-646c33a0cb823-e98948ce-c07f3b96","metadata":{"@type":"type.googleapis.com/google.cloud.functions.v2.OperationMetadata","createTime":"2025-12-25T09:16:07.178441021Z","target":"projects/graduation-project-61aa9/locations/us-central1/functions/createUserWithRole","verb":"create","cancelRequested":false,"apiVersion":"v2","requestResource":{"@type":"type.googleapis.com/google.cloud.functions.v2.Function","name":"projects/graduation-project-61aa9/locations/us-central1/functions/createUserWithRole","buildConfig":{"runtime":"nodejs24","entryPoint":"createUserWithRole","source":{"storageSource":{"bucket":"gcf-v2-sources-1001425488308-us-central1","object":"createUserWithRole/function-source.zip","generation":"1766654166949258"}},"environmentVariables":{"GOOGLE_NODE_RUN_SCRIPTS":""},"serviceAccount":"projects/graduation-project-61aa9/serviceAccounts/1001425488308-compute@developer.gserviceaccount.com","automaticUpdatePolicy":{}},"serviceConfig":{"service":"projects/graduation-project-61aa9/locations/us-central1/services/createuserwithrole","timeoutSeconds":60,"environmentVariables":{"FIREBASE_CONFIG":"{\"projectId\":\"graduation-project-61aa9\",\"storageBucket\":\"graduation-project-61aa9.firebasestorage.app\"}","GCLOUD_PROJECT":"graduation-project-61aa9","EVENTARC_CLOUD_EVENT_SOURCE":"projects/graduation-project-61aa9/locations/us-central1/services/createUserWithRole","FUNCTION_TARGET":"createUserWithRole","LOG_EXECUTION_ID":"true"},"ingressSettings":"ALLOW_ALL","serviceAccountEmail":"1001425488308-compute@developer.gserviceaccount.com","availableMemory":"256Mi","maxInstanceRequestConcurrency":80,"availableCpu":"1"},"labels":{"deployment-tool":"cli-firebase","deployment-callable":"true","firebase-functions-hash":"ec6aa3b36dab42ae80fe0999282404259734f6c2"},"environment":"GEN_2"},"stages":[{"name":"BUILD","message":"Build in progress","state":"IN_PROGRESS","resource":"projects/1001425488308/locations/us-central1/builds/db5372d1-4e92-4bd2-8017-8ccb97a2da61","resourceUri":"https://console.cloud.google.com/cloud-build/builds;region=us-central1/db5372d1-4e92-4bd2-8017-8ccb97a2da61?project=1001425488308"},{"name":"SERVICE","state":"NOT_STARTED"}],"operationType":"CREATE_FUNCTION","buildName":"projects/1001425488308/locations/us-central1/builds/db5372d1-4e92-4bd2-8017-8ccb97a2da61"},"done":false}
[debug] [2025-12-25T09:16:07.066Z] [delete-default-us-central1-createAdminUser] Retrying task index 0
[debug] [2025-12-25T09:16:07.066Z] Checked if tokens are valid: true, expires at: 1766657732951
[debug] [2025-12-25T09:16:07.066Z] Checked if tokens are valid: true, expires at: 1766657732951
[debug] [2025-12-25T09:16:07.066Z] >>> [apiv2][query] GET https://cloudfunctions.googleapis.com/v2/projects/graduation-project-61aa9/locations/us-central1/operations/operation-1766654166735-646c33a0c9b26-7c82a21b-9ffb9540 [none]
[debug] [2025-12-25T09:16:07.271Z] <<< [apiv2][status] GET https://cloudfunctions.googleapis.com/v2/projects/graduation-project-61aa9/locations/us-central1/operations/operation-1766654166735-646c33a0c9b26-7c82a21b-9ffb9540 200
[debug] [2025-12-25T09:16:07.271Z] <<< [apiv2][body] GET https://cloudfunctions.googleapis.com/v2/projects/graduation-project-61aa9/locations/us-central1/operations/operation-1766654166735-646c33a0c9b26-7c82a21b-9ffb9540 {"name":"projects/graduation-project-61aa9/locations/us-central1/operations/operation-1766654166735-646c33a0c9b26-7c82a21b-9ffb9540","metadata":{"@type":"type.googleapis.com/google.cloud.functions.v2.OperationMetadata","createTime":"2025-12-25T09:16:06.757419660Z","target":"projects/graduation-project-61aa9/locations/us-central1/functions/createAdminUser","verb":"delete","cancelRequested":false,"apiVersion":"v2","requestResource":{"@type":"type.googleapis.com/google.cloud.functions.v2.Function","name":"projects/graduation-project-61aa9/locations/us-central1/functions/createAdminUser","environment":"GEN_2"},"stages":[{"name":"ARTIFACT_REGISTRY","message":"Deleting function artifacts in Artifact Registry","state":"IN_PROGRESS"},{"name":"SERVICE","message":"Deleting Cloud Run service","state":"COMPLETE","resource":"projects/graduation-project-61aa9/locations/us-central1/services/createadminuser"}],"operationType":"DELETE_FUNCTION"},"done":false}
[debug] [2025-12-25T09:16:07.455Z] [create-default-us-central1-createUserWithRole] Retrying task index 0
[debug] [2025-12-25T09:16:07.455Z] Checked if tokens are valid: true, expires at: 1766657732951
[debug] [2025-12-25T09:16:07.455Z] Checked if tokens are valid: true, expires at: 1766657732951
[debug] [2025-12-25T09:16:07.455Z] >>> [apiv2][query] GET https://cloudfunctions.googleapis.com/v2/projects/graduation-project-61aa9/locations/us-central1/operations/operation-1766654166743-646c33a0cb823-e98948ce-c07f3b96 [none]
[debug] [2025-12-25T09:16:08.163Z] <<< [apiv2][status] GET https://cloudfunctions.googleapis.com/v2/projects/graduation-project-61aa9/locations/us-central1/operations/operation-1766654166743-646c33a0cb823-e98948ce-c07f3b96 200
[debug] [2025-12-25T09:16:08.163Z] <<< [apiv2][body] GET https://cloudfunctions.googleapis.com/v2/projects/graduation-project-61aa9/locations/us-central1/operations/operation-1766654166743-646c33a0cb823-e98948ce-c07f3b96 {"name":"projects/graduation-project-61aa9/locations/us-central1/operations/operation-1766654166743-646c33a0cb823-e98948ce-c07f3b96","metadata":{"@type":"type.googleapis.com/google.cloud.functions.v2.OperationMetadata","createTime":"2025-12-25T09:16:07.178441021Z","target":"projects/graduation-project-61aa9/locations/us-central1/functions/createUserWithRole","verb":"create","cancelRequested":false,"apiVersion":"v2","requestResource":{"@type":"type.googleapis.com/google.cloud.functions.v2.Function","name":"projects/graduation-project-61aa9/locations/us-central1/functions/createUserWithRole","buildConfig":{"runtime":"nodejs24","entryPoint":"createUserWithRole","source":{"storageSource":{"bucket":"gcf-v2-sources-1001425488308-us-central1","object":"createUserWithRole/function-source.zip","generation":"1766654166949258"}},"environmentVariables":{"GOOGLE_NODE_RUN_SCRIPTS":""},"serviceAccount":"projects/graduation-project-61aa9/serviceAccounts/1001425488308-compute@developer.gserviceaccount.com","automaticUpdatePolicy":{}},"serviceConfig":{"service":"projects/graduation-project-61aa9/locations/us-central1/services/createuserwithrole","timeoutSeconds":60,"environmentVariables":{"FIREBASE_CONFIG":"{\"projectId\":\"graduation-project-61aa9\",\"storageBucket\":\"graduation-project-61aa9.firebasestorage.app\"}","GCLOUD_PROJECT":"graduation-project-61aa9","EVENTARC_CLOUD_EVENT_SOURCE":"projects/graduation-project-61aa9/locations/us-central1/services/createUserWithRole","FUNCTION_TARGET":"createUserWithRole","LOG_EXECUTION_ID":"true"},"ingressSettings":"ALLOW_ALL","serviceAccountEmail":"1001425488308-compute@developer.gserviceaccount.com","availableMemory":"256Mi","maxInstanceRequestConcurrency":80,"availableCpu":"1"},"labels":{"deployment-tool":"cli-firebase","deployment-callable":"true","firebase-functions-hash":"ec6aa3b36dab42ae80fe0999282404259734f6c2"},"environment":"GEN_2"},"stages":[{"name":"BUILD","message":"Build in progress","state":"IN_PROGRESS","resource":"projects/1001425488308/locations/us-central1/builds/db5372d1-4e92-4bd2-8017-8ccb97a2da61","resourceUri":"https://console.cloud.google.com/cloud-build/builds;region=us-central1/db5372d1-4e92-4bd2-8017-8ccb97a2da61?project=1001425488308"},{"name":"SERVICE","state":"NOT_STARTED"}],"operationType":"CREATE_FUNCTION","buildName":"projects/1001425488308/locations/us-central1/builds/db5372d1-4e92-4bd2-8017-8ccb97a2da61"},"done":false}
[debug] [2025-12-25T09:16:09.280Z] [delete-default-us-central1-createAdminUser] Retrying task index 0
[debug] [2025-12-25T09:16:09.281Z] Checked if tokens are valid: true, expires at: 1766657732951
[debug] [2025-12-25T09:16:09.281Z] Checked if tokens are valid: true, expires at: 1766657732951
[debug] [2025-12-25T09:16:09.281Z] >>> [apiv2][query] GET https://cloudfunctions.googleapis.com/v2/projects/graduation-project-61aa9/locations/us-central1/operations/operation-1766654166735-646c33a0c9b26-7c82a21b-9ffb9540 [none]
[debug] [2025-12-25T09:16:09.992Z] <<< [apiv2][status] GET https://cloudfunctions.googleapis.com/v2/projects/graduation-project-61aa9/locations/us-central1/operations/operation-1766654166735-646c33a0c9b26-7c82a21b-9ffb9540 200
[debug] [2025-12-25T09:16:09.992Z] <<< [apiv2][body] GET https://cloudfunctions.googleapis.com/v2/projects/graduation-project-61aa9/locations/us-central1/operations/operation-1766654166735-646c33a0c9b26-7c82a21b-9ffb9540 {"name":"projects/graduation-project-61aa9/locations/us-central1/operations/operation-1766654166735-646c33a0c9b26-7c82a21b-9ffb9540","metadata":{"@type":"type.googleapis.com/google.cloud.functions.v2.OperationMetadata","createTime":"2025-12-25T09:16:06.757419660Z","endTime":"2025-12-25T09:16:10.115202056Z","target":"projects/graduation-project-61aa9/locations/us-central1/functions/createAdminUser","verb":"delete","cancelRequested":false,"apiVersion":"v2","requestResource":{"@type":"type.googleapis.com/google.cloud.functions.v2.Function","name":"projects/graduation-project-61aa9/locations/us-central1/functions/createAdminUser","environment":"GEN_2"},"stages":[{"name":"ARTIFACT_REGISTRY","message":"Deleting function artifacts in Artifact Registry","state":"COMPLETE"},{"name":"SERVICE","message":"Deleting Cloud Run service","state":"COMPLETE","resource":"projects/graduation-project-61aa9/locations/us-central1/services/createadminuser"}],"operationType":"DELETE_FUNCTION"},"done":true,"response":{"@type":"type.googleapis.com/google.protobuf.Empty"}}
[info] +  functions[createAdminUser(us-central1)] Successful delete operation. 
[debug] [2025-12-25T09:16:10.166Z] [create-default-us-central1-createUserWithRole] Retrying task index 0
[debug] [2025-12-25T09:16:10.166Z] Checked if tokens are valid: true, expires at: 1766657732951
[debug] [2025-12-25T09:16:10.166Z] Checked if tokens are valid: true, expires at: 1766657732951
[debug] [2025-12-25T09:16:10.167Z] >>> [apiv2][query] GET https://cloudfunctions.googleapis.com/v2/projects/graduation-project-61aa9/locations/us-central1/operations/operation-1766654166743-646c33a0cb823-e98948ce-c07f3b96 [none]
[debug] [2025-12-25T09:16:10.884Z] <<< [apiv2][status] GET https://cloudfunctions.googleapis.com/v2/projects/graduation-project-61aa9/locations/us-central1/operations/operation-1766654166743-646c33a0cb823-e98948ce-c07f3b96 200
[debug] [2025-12-25T09:16:10.884Z] <<< [apiv2][body] GET https://cloudfunctions.googleapis.com/v2/projects/graduation-project-61aa9/locations/us-central1/operations/operation-1766654166743-646c33a0cb823-e98948ce-c07f3b96 {"name":"projects/graduation-project-61aa9/locations/us-central1/operations/operation-1766654166743-646c33a0cb823-e98948ce-c07f3b96","metadata":{"@type":"type.googleapis.com/google.cloud.functions.v2.OperationMetadata","createTime":"2025-12-25T09:16:07.178441021Z","target":"projects/graduation-project-61aa9/locations/us-central1/functions/createUserWithRole","verb":"create","cancelRequested":false,"apiVersion":"v2","requestResource":{"@type":"type.googleapis.com/google.cloud.functions.v2.Function","name":"projects/graduation-project-61aa9/locations/us-central1/functions/createUserWithRole","buildConfig":{"runtime":"nodejs24","entryPoint":"createUserWithRole","source":{"storageSource":{"bucket":"gcf-v2-sources-1001425488308-us-central1","object":"createUserWithRole/function-source.zip","generation":"1766654166949258"}},"environmentVariables":{"GOOGLE_NODE_RUN_SCRIPTS":""},"serviceAccount":"projects/graduation-project-61aa9/serviceAccounts/1001425488308-compute@developer.gserviceaccount.com","automaticUpdatePolicy":{}},"serviceConfig":{"service":"projects/graduation-project-61aa9/locations/us-central1/services/createuserwithrole","timeoutSeconds":60,"environmentVariables":{"FIREBASE_CONFIG":"{\"projectId\":\"graduation-project-61aa9\",\"storageBucket\":\"graduation-project-61aa9.firebasestorage.app\"}","GCLOUD_PROJECT":"graduation-project-61aa9","EVENTARC_CLOUD_EVENT_SOURCE":"projects/graduation-project-61aa9/locations/us-central1/services/createUserWithRole","FUNCTION_TARGET":"createUserWithRole","LOG_EXECUTION_ID":"true"},"ingressSettings":"ALLOW_ALL","serviceAccountEmail":"1001425488308-compute@developer.gserviceaccount.com","availableMemory":"256Mi","maxInstanceRequestConcurrency":80,"availableCpu":"1"},"labels":{"deployment-tool":"cli-firebase","deployment-callable":"true","firebase-functions-hash":"ec6aa3b36dab42ae80fe0999282404259734f6c2"},"environment":"GEN_2"},"stages":[{"name":"BUILD","message":"Build in progress","state":"IN_PROGRESS","resource":"projects/1001425488308/locations/us-central1/builds/db5372d1-4e92-4bd2-8017-8ccb97a2da61","resourceUri":"https://console.cloud.google.com/cloud-build/builds;region=us-central1/db5372d1-4e92-4bd2-8017-8ccb97a2da61?project=1001425488308"},{"name":"SERVICE","state":"NOT_STARTED"}],"operationType":"CREATE_FUNCTION","buildName":"projects/1001425488308/locations/us-central1/builds/db5372d1-4e92-4bd2-8017-8ccb97a2da61"},"done":false}
[debug] [2025-12-25T09:16:14.886Z] [create-default-us-central1-createUserWithRole] Retrying task index 0
[debug] [2025-12-25T09:16:14.886Z] Checked if tokens are valid: true, expires at: 1766657732951
[debug] [2025-12-25T09:16:14.886Z] Checked if tokens are valid: true, expires at: 1766657732951
[debug] [2025-12-25T09:16:14.887Z] >>> [apiv2][query] GET https://cloudfunctions.googleapis.com/v2/projects/graduation-project-61aa9/locations/us-central1/operations/operation-1766654166743-646c33a0cb823-e98948ce-c07f3b96 [none]
[debug] [2025-12-25T09:16:15.604Z] <<< [apiv2][status] GET https://cloudfunctions.googleapis.com/v2/projects/graduation-project-61aa9/locations/us-central1/operations/operation-1766654166743-646c33a0cb823-e98948ce-c07f3b96 200
[debug] [2025-12-25T09:16:15.604Z] <<< [apiv2][body] GET https://cloudfunctions.googleapis.com/v2/projects/graduation-project-61aa9/locations/us-central1/operations/operation-1766654166743-646c33a0cb823-e98948ce-c07f3b96 {"name":"projects/graduation-project-61aa9/locations/us-central1/operations/operation-1766654166743-646c33a0cb823-e98948ce-c07f3b96","metadata":{"@type":"type.googleapis.com/google.cloud.functions.v2.OperationMetadata","createTime":"2025-12-25T09:16:07.178441021Z","target":"projects/graduation-project-61aa9/locations/us-central1/functions/createUserWithRole","verb":"create","cancelRequested":false,"apiVersion":"v2","requestResource":{"@type":"type.googleapis.com/google.cloud.functions.v2.Function","name":"projects/graduation-project-61aa9/locations/us-central1/functions/createUserWithRole","buildConfig":{"runtime":"nodejs24","entryPoint":"createUserWithRole","source":{"storageSource":{"bucket":"gcf-v2-sources-1001425488308-us-central1","object":"createUserWithRole/function-source.zip","generation":"1766654166949258"}},"environmentVariables":{"GOOGLE_NODE_RUN_SCRIPTS":""},"serviceAccount":"projects/graduation-project-61aa9/serviceAccounts/1001425488308-compute@developer.gserviceaccount.com","automaticUpdatePolicy":{}},"serviceConfig":{"service":"projects/graduation-project-61aa9/locations/us-central1/services/createuserwithrole","timeoutSeconds":60,"environmentVariables":{"FIREBASE_CONFIG":"{\"projectId\":\"graduation-project-61aa9\",\"storageBucket\":\"graduation-project-61aa9.firebasestorage.app\"}","GCLOUD_PROJECT":"graduation-project-61aa9","EVENTARC_CLOUD_EVENT_SOURCE":"projects/graduation-project-61aa9/locations/us-central1/services/createUserWithRole","FUNCTION_TARGET":"createUserWithRole","LOG_EXECUTION_ID":"true"},"ingressSettings":"ALLOW_ALL","serviceAccountEmail":"1001425488308-compute@developer.gserviceaccount.com","availableMemory":"256Mi","maxInstanceRequestConcurrency":80,"availableCpu":"1"},"labels":{"deployment-tool":"cli-firebase","deployment-callable":"true","firebase-functions-hash":"ec6aa3b36dab42ae80fe0999282404259734f6c2"},"environment":"GEN_2"},"stages":[{"name":"BUILD","message":"Build in progress","state":"IN_PROGRESS","resource":"projects/1001425488308/locations/us-central1/builds/db5372d1-4e92-4bd2-8017-8ccb97a2da61","resourceUri":"https://console.cloud.google.com/cloud-build/builds;region=us-central1/db5372d1-4e92-4bd2-8017-8ccb97a2da61?project=1001425488308"},{"name":"SERVICE","state":"NOT_STARTED"}],"operationType":"CREATE_FUNCTION","buildName":"projects/1001425488308/locations/us-central1/builds/db5372d1-4e92-4bd2-8017-8ccb97a2da61"},"done":false}
