[debug] [2025-12-25T09:51:34.810Z] ----------------------------------------------------------------------
[debug] [2025-12-25T09:51:34.813Z] Command:       C:\Program Files\nodejs\node.exe C:\Users\feras\AppData\Roaming\npm\node_modules\firebase-tools\lib\bin\firebase.js deploy --only functions
[debug] [2025-12-25T09:51:34.813Z] CLI Version:   15.1.0
[debug] [2025-12-25T09:51:34.814Z] Platform:      win32
[debug] [2025-12-25T09:51:34.814Z] Node Version:  v20.17.0
[debug] [2025-12-25T09:51:34.814Z] Time:          Thu Dec 25 2025 11:51:34 GMT+0200 (Eastern European Standard Time)
[debug] [2025-12-25T09:51:34.814Z] ----------------------------------------------------------------------
[debug] 
[debug] [2025-12-25T09:51:36.812Z] > command requires scopes: ["email","openid","https://www.googleapis.com/auth/cloudplatformprojects.readonly","https://www.googleapis.com/auth/firebase","https://www.googleapis.com/auth/cloud-platform"]
[debug] [2025-12-25T09:51:36.813Z] > authorizing via signed-in user (ferashatem02@gmail.com)
[debug] [2025-12-25T09:51:36.813Z] [iam] checking project graduation-project-61aa9 for permissions ["cloudfunctions.functions.create","cloudfunctions.functions.delete","cloudfunctions.functions.get","cloudfunctions.functions.list","cloudfunctions.functions.update","cloudfunctions.operations.get","firebase.projects.get"]
[debug] [2025-12-25T09:51:36.814Z] Checked if tokens are valid: true, expires at: 1766657732951
[debug] [2025-12-25T09:51:36.814Z] Checked if tokens are valid: true, expires at: 1766657732951
[debug] [2025-12-25T09:51:36.815Z] >>> [apiv2][query] POST https://cloudresourcemanager.googleapis.com/v1/projects/graduation-project-61aa9:testIamPermissions [none]
[debug] [2025-12-25T09:51:36.815Z] >>> [apiv2][(partial)header] POST https://cloudresourcemanager.googleapis.com/v1/projects/graduation-project-61aa9:testIamPermissions x-goog-quota-user=projects/graduation-project-61aa9
[debug] [2025-12-25T09:51:36.815Z] >>> [apiv2][body] POST https://cloudresourcemanager.googleapis.com/v1/projects/graduation-project-61aa9:testIamPermissions {"permissions":["cloudfunctions.functions.create","cloudfunctions.functions.delete","cloudfunctions.functions.get","cloudfunctions.functions.list","cloudfunctions.functions.update","cloudfunctions.operations.get","firebase.projects.get"]}
[debug] [2025-12-25T09:51:38.353Z] <<< [apiv2][status] POST https://cloudresourcemanager.googleapis.com/v1/projects/graduation-project-61aa9:testIamPermissions 200
[debug] [2025-12-25T09:51:38.353Z] <<< [apiv2][body] POST https://cloudresourcemanager.googleapis.com/v1/projects/graduation-project-61aa9:testIamPermissions {"permissions":["cloudfunctions.functions.create","cloudfunctions.functions.delete","cloudfunctions.functions.get","cloudfunctions.functions.list","cloudfunctions.functions.update","cloudfunctions.operations.get","firebase.projects.get"]}
[debug] [2025-12-25T09:51:38.354Z] Checked if tokens are valid: true, expires at: 1766657732951
[debug] [2025-12-25T09:51:38.354Z] Checked if tokens are valid: true, expires at: 1766657732951
[debug] [2025-12-25T09:51:38.354Z] >>> [apiv2][query] POST https://iam.googleapis.com/v1/projects/graduation-project-61aa9/serviceAccounts/graduation-project-61aa9@appspot.gserviceaccount.com:testIamPermissions [none]
[debug] [2025-12-25T09:51:38.354Z] >>> [apiv2][body] POST https://iam.googleapis.com/v1/projects/graduation-project-61aa9/serviceAccounts/graduation-project-61aa9@appspot.gserviceaccount.com:testIamPermissions {"permissions":["iam.serviceAccounts.actAs"]}
[debug] [2025-12-25T09:51:39.210Z] <<< [apiv2][status] POST https://iam.googleapis.com/v1/projects/graduation-project-61aa9/serviceAccounts/graduation-project-61aa9@appspot.gserviceaccount.com:testIamPermissions 200
[debug] [2025-12-25T09:51:39.210Z] <<< [apiv2][body] POST https://iam.googleapis.com/v1/projects/graduation-project-61aa9/serviceAccounts/graduation-project-61aa9@appspot.gserviceaccount.com:testIamPermissions {"permissions":["iam.serviceAccounts.actAs"]}
[info] 
[info] === Deploying to 'graduation-project-61aa9'...
[info] 
[info] i  deploying functions 
[debug] [2025-12-25T09:51:39.214Z] Checked if tokens are valid: true, expires at: 1766657732951
[debug] [2025-12-25T09:51:39.214Z] Checked if tokens are valid: true, expires at: 1766657732951
[debug] [2025-12-25T09:51:39.214Z] >>> [apiv2][query] GET https://cloudresourcemanager.googleapis.com/v1/projects/graduation-project-61aa9 [none]
[debug] [2025-12-25T09:51:39.423Z] <<< [apiv2][status] GET https://cloudresourcemanager.googleapis.com/v1/projects/graduation-project-61aa9 200
[debug] [2025-12-25T09:51:39.424Z] <<< [apiv2][body] GET https://cloudresourcemanager.googleapis.com/v1/projects/graduation-project-61aa9 {"projectNumber":"1001425488308","projectId":"graduation-project-61aa9","lifecycleState":"ACTIVE","name":"Graduation project","labels":{"firebase":"enabled","firebase-core":"disabled"},"createTime":"2025-12-10T12:13:24.059446Z"}
[info] i  functions: preparing codebase default for deployment 
[info] i  functions: preparing codebase firebase_init for deployment 
[info] i  functions: ensuring required API cloudfunctions.googleapis.com is enabled... 
[info] i  functions: ensuring required API cloudbuild.googleapis.com is enabled... 
[info] i  artifactregistry: ensuring required API artifactregistry.googleapis.com is enabled... 
[debug] [2025-12-25T09:51:39.426Z] Checked if tokens are valid: true, expires at: 1766657732951
[debug] [2025-12-25T09:51:39.426Z] Checked if tokens are valid: true, expires at: 1766657732951
[debug] [2025-12-25T09:51:39.426Z] >>> [apiv2][query] GET https://firebase.googleapis.com/v1beta1/projects/graduation-project-61aa9/adminSdkConfig [none]
[debug] [2025-12-25T09:51:39.812Z] <<< [apiv2][status] GET https://firebase.googleapis.com/v1beta1/projects/graduation-project-61aa9/adminSdkConfig 200
[debug] [2025-12-25T09:51:39.812Z] <<< [apiv2][body] GET https://firebase.googleapis.com/v1beta1/projects/graduation-project-61aa9/adminSdkConfig {"projectId":"graduation-project-61aa9","storageBucket":"graduation-project-61aa9.firebasestorage.app"}
[debug] [2025-12-25T09:51:39.814Z] Validating nodejs source
[debug] [2025-12-25T09:51:41.039Z] > [functions] package.json contents: {
  "name": "functions",
  "description": "Cloud Functions for Firebase",
  "scripts": {
    "serve": "firebase emulators:start --only functions",
    "shell": "firebase functions:shell",
    "start": "npm run shell",
    "deploy": "firebase deploy --only functions",
    "logs": "firebase functions:log"
  },
  "engines": {
    "node": "24"
  },
  "main": "index.js",
  "dependencies": {
    "firebase-admin": "^13.6.0",
    "firebase-functions": "^7.0.0"
  },
  "devDependencies": {
    "firebase-functions-test": "^3.4.1"
  },
  "private": true
}
[debug] [2025-12-25T09:51:41.039Z] Building nodejs source
[info] i  functions: Loading and analyzing source code for codebase default to determine what to deploy 
[debug] [2025-12-25T09:51:41.040Z] Could not find functions.yaml. Must use http discovery
[debug] [2025-12-25T09:51:41.050Z] Found firebase-functions binary at 'F:\React\Animation\Graduation-Project\functions\node_modules\.bin\firebase-functions'
[info] Serving at port 8009

[debug] [2025-12-25T09:51:42.044Z] Got response from /__/functions.yaml {"endpoints":{"createUserWithRole":{"availableMemoryMb":null,"timeoutSeconds":null,"minInstances":null,"maxInstances":null,"ingressSettings":null,"concurrency":null,"serviceAccountEmail":null,"vpc":null,"platform":"gcfv2","labels":{},"callableTrigger":{},"entryPoint":"createUserWithRole"}},"specVersion":"v1alpha1","requiredAPIs":[],"extensions":{}}
[debug] [2025-12-25T09:51:47.094Z] Validating nodejs source
[debug] [2025-12-25T09:51:48.638Z] > [functions] package.json contents: {
  "name": "functions",
  "description": "Cloud Functions for Firebase",
  "scripts": {
    "lint": "eslint .",
    "serve": "firebase emulators:start --only functions",
    "shell": "firebase functions:shell",
    "start": "npm run shell",
    "deploy": "firebase deploy --only functions",
    "logs": "firebase functions:log"
  },
  "engines": {
    "node": "24"
  },
  "main": "index.js",
  "dependencies": {
    "firebase-admin": "^13.6.0",
    "firebase-functions": "^7.0.0"
  },
  "devDependencies": {
    "eslint": "^8.15.0",
    "eslint-config-google": "^0.14.0",
    "firebase-functions-test": "^3.4.1"
  },
  "private": true
}
[debug] [2025-12-25T09:51:48.639Z] Building nodejs source
[info] i  functions: Loading and analyzing source code for codebase firebase_init to determine what to deploy 
[debug] [2025-12-25T09:51:48.639Z] Could not find functions.yaml. Must use http discovery
[debug] [2025-12-25T09:51:48.646Z] Found firebase-functions binary at 'F:\React\Animation\Graduation-Project\firebase_init\node_modules\.bin\firebase-functions'
[info] Serving at port 8757

[debug] [2025-12-25T09:51:49.460Z] Got response from /__/functions.yaml {"endpoints":{},"specVersion":"v1alpha1","requiredAPIs":[],"extensions":{}}
